// Jest Snapshot v1, https://goo.gl/fbAQLP

exports[`Component FileUploader should accept terms and condition and reset back to not accepted state if access condition changed back to closed access 1`] = `
<div>
  <h4
    className="sub-title"
  >
    You may add up to 5 files (max 1KB each)
  </h4>
  <FileUploadDropzone
    fileNameRestrictions={/\\^\\(\\?=\\^\\\\S\\*\\$\\)\\(\\?=\\^\\[\\^\\\\\\.\\]\\+\\\\\\.\\[\\^\\\\\\.\\]\\+\\$\\)\\(\\?=\\.\\{1,45\\}\\$\\)\\(\\?!\\(web_\\|preview_\\|thumbnail_\\|stream_\\|fezacml_\\|presmd_\\)\\)\\[a-z\\]\\[a-z\\\\d\\\\-_\\\\\\.\\]\\+/}
    locale={
      Object {
        "accessTermsAndConditions": "I understand that the files indicated above as open access will be submitted as open access and will be made publicly available immediately or will be made available on the indicated embargo date.  All other files submitted will be accessible by UQ eSpace administrators.",
        "errorTitle": "Upload Errors",
        "fileUploadInstruction": <p>
          Click here to select files, or drag files into this area to upload
        </p>,
        "fileUploadRestrictionHeading": <h3>
          File upload restrictions
        </h3>,
        "fileUploadRestrictions": <div>
          Please ensure your files:
          <ul>
            <li>
              begin with a letter and are less than 45 characters long
            </li>
            <li>
              contain only upper and lowercase alphanumeric characters, and underscores
            </li>
            <li>
              have only a single period which precedes the file extension: “.pdf”
            </li>
            <li>
              are uploaded individually and not inside a folder
            </li>
          </ul>
        </div>,
        "instructions": "You may add up to [fileUploadLimit] files (max [maxFileSize][fileSizeUnit] each)",
        "successMessage": "Successfully added [numberOfFiles] file(s) to upload queue.",
        "successTitle": "Success",
        "validation": Object {
          "fileName": "File(s) ([filenames]) have invalid file name",
          "folder": "Invalid files ([filenames])",
          "maxFileSize": "File(s) ([filenames]) exceed maximum allowed upload file size",
          "maxFiles": "Maximum number of files ([maxNumberOfFiles]) has been exceeded. File(s) ([filenames]) will not be uploaded",
        },
      }
    }
    maxSize={1000}
    onDrop={[Function]}
  />
  <Alert
    allowDismiss={false}
    message="Successfully added 1 file(s) to upload queue."
    showLoader={false}
    title="Success"
    type="done"
  />
  <div
    className="metadata-container"
    style={
      Object {
        "display": "block",
      }
    }
  >
    <FileUploadRowHeader
      onDeleteAll={[Function]}
      requireOpenAccessStatus={true}
    />
    <Connect(FileUploadRow)
      fileSizeUnit="K"
      focusOnIndex={0}
      index={0}
      key="a.txt"
      onAccessConditionChange={[Function]}
      onDelete={[Function]}
      onEmbargoDateChange={[Function]}
      requireOpenAccessStatus={true}
      uploadedFile={
        File {
          Symbol(impl): FileImpl {
            "_buffer": Object {
              "data": Array [],
              "type": "Buffer",
            },
            "lastModified": 12345678912,
            "name": "a.txt",
            "type": "",
            Symbol(wrapper): [Circular],
          },
        }
      }
    />
  </div>
</div>
`;

exports[`Component FileUploader should accept terms and condition and reset back to not accepted state if access condition changed back to closed access 2`] = `
<div>
  <h4
    className="sub-title"
  >
    You may add up to 5 files (max 1KB each)
  </h4>
  <FileUploadDropzone
    fileNameRestrictions={/\\^\\(\\?=\\^\\\\S\\*\\$\\)\\(\\?=\\^\\[\\^\\\\\\.\\]\\+\\\\\\.\\[\\^\\\\\\.\\]\\+\\$\\)\\(\\?=\\.\\{1,45\\}\\$\\)\\(\\?!\\(web_\\|preview_\\|thumbnail_\\|stream_\\|fezacml_\\|presmd_\\)\\)\\[a-z\\]\\[a-z\\\\d\\\\-_\\\\\\.\\]\\+/}
    locale={
      Object {
        "accessTermsAndConditions": "I understand that the files indicated above as open access will be submitted as open access and will be made publicly available immediately or will be made available on the indicated embargo date.  All other files submitted will be accessible by UQ eSpace administrators.",
        "errorTitle": "Upload Errors",
        "fileUploadInstruction": <p>
          Click here to select files, or drag files into this area to upload
        </p>,
        "fileUploadRestrictionHeading": <h3>
          File upload restrictions
        </h3>,
        "fileUploadRestrictions": <div>
          Please ensure your files:
          <ul>
            <li>
              begin with a letter and are less than 45 characters long
            </li>
            <li>
              contain only upper and lowercase alphanumeric characters, and underscores
            </li>
            <li>
              have only a single period which precedes the file extension: “.pdf”
            </li>
            <li>
              are uploaded individually and not inside a folder
            </li>
          </ul>
        </div>,
        "instructions": "You may add up to [fileUploadLimit] files (max [maxFileSize][fileSizeUnit] each)",
        "successMessage": "Successfully added [numberOfFiles] file(s) to upload queue.",
        "successTitle": "Success",
        "validation": Object {
          "fileName": "File(s) ([filenames]) have invalid file name",
          "folder": "Invalid files ([filenames])",
          "maxFileSize": "File(s) ([filenames]) exceed maximum allowed upload file size",
          "maxFiles": "Maximum number of files ([maxNumberOfFiles]) has been exceeded. File(s) ([filenames]) will not be uploaded",
        },
      }
    }
    maxSize={1000}
    onDrop={[Function]}
  />
  <Alert
    allowDismiss={false}
    message="Successfully added 1 file(s) to upload queue."
    showLoader={false}
    title="Success"
    type="done"
  />
  <div
    className="metadata-container"
    style={
      Object {
        "display": "block",
      }
    }
  >
    <FileUploadRowHeader
      onDeleteAll={[Function]}
      requireOpenAccessStatus={true}
    />
    <Connect(FileUploadRow)
      fileSizeUnit="K"
      focusOnIndex={0}
      index={0}
      key="a.txt"
      onAccessConditionChange={[Function]}
      onDelete={[Function]}
      onEmbargoDateChange={[Function]}
      requireOpenAccessStatus={true}
      uploadedFile={
        File {
          "access_condition_id": 9,
          "date": "2016-01-01T10:00:00+10:00",
          Symbol(impl): FileImpl {
            "_buffer": Object {
              "data": Array [],
              "type": "Buffer",
            },
            "lastModified": 12345678912,
            "name": "a.txt",
            "type": "",
            Symbol(wrapper): [Circular],
          },
        }
      }
    />
    <div
      className="open-access-checkbox error-checkbox"
      style={
        Object {
          "position": "relative",
          "width": "100%",
        }
      }
    >
      <Checkbox
        checked={false}
        disabled={false}
        label="I understand that the files indicated above as open access will be submitted as open access and will be made publicly available immediately or will be made available on the indicated embargo date.  All other files submitted will be accessible by UQ eSpace administrators."
        onCheck={[Function]}
      />
    </div>
  </div>
</div>
`;

exports[`Component FileUploader should accept terms and condition and reset back to not accepted state if access condition changed back to closed access 3`] = `
<div>
  <h4
    className="sub-title"
  >
    You may add up to 5 files (max 1KB each)
  </h4>
  <FileUploadDropzone
    fileNameRestrictions={/\\^\\(\\?=\\^\\\\S\\*\\$\\)\\(\\?=\\^\\[\\^\\\\\\.\\]\\+\\\\\\.\\[\\^\\\\\\.\\]\\+\\$\\)\\(\\?=\\.\\{1,45\\}\\$\\)\\(\\?!\\(web_\\|preview_\\|thumbnail_\\|stream_\\|fezacml_\\|presmd_\\)\\)\\[a-z\\]\\[a-z\\\\d\\\\-_\\\\\\.\\]\\+/}
    locale={
      Object {
        "accessTermsAndConditions": "I understand that the files indicated above as open access will be submitted as open access and will be made publicly available immediately or will be made available on the indicated embargo date.  All other files submitted will be accessible by UQ eSpace administrators.",
        "errorTitle": "Upload Errors",
        "fileUploadInstruction": <p>
          Click here to select files, or drag files into this area to upload
        </p>,
        "fileUploadRestrictionHeading": <h3>
          File upload restrictions
        </h3>,
        "fileUploadRestrictions": <div>
          Please ensure your files:
          <ul>
            <li>
              begin with a letter and are less than 45 characters long
            </li>
            <li>
              contain only upper and lowercase alphanumeric characters, and underscores
            </li>
            <li>
              have only a single period which precedes the file extension: “.pdf”
            </li>
            <li>
              are uploaded individually and not inside a folder
            </li>
          </ul>
        </div>,
        "instructions": "You may add up to [fileUploadLimit] files (max [maxFileSize][fileSizeUnit] each)",
        "successMessage": "Successfully added [numberOfFiles] file(s) to upload queue.",
        "successTitle": "Success",
        "validation": Object {
          "fileName": "File(s) ([filenames]) have invalid file name",
          "folder": "Invalid files ([filenames])",
          "maxFileSize": "File(s) ([filenames]) exceed maximum allowed upload file size",
          "maxFiles": "Maximum number of files ([maxNumberOfFiles]) has been exceeded. File(s) ([filenames]) will not be uploaded",
        },
      }
    }
    maxSize={1000}
    onDrop={[Function]}
  />
  <Alert
    allowDismiss={false}
    message="Successfully added 1 file(s) to upload queue."
    showLoader={false}
    title="Success"
    type="done"
  />
  <div
    className="metadata-container"
    style={
      Object {
        "display": "block",
      }
    }
  >
    <FileUploadRowHeader
      onDeleteAll={[Function]}
      requireOpenAccessStatus={true}
    />
    <Connect(FileUploadRow)
      fileSizeUnit="K"
      focusOnIndex={0}
      index={0}
      key="a.txt"
      onAccessConditionChange={[Function]}
      onDelete={[Function]}
      onEmbargoDateChange={[Function]}
      requireOpenAccessStatus={true}
      uploadedFile={
        File {
          "access_condition_id": 9,
          "date": "2016-01-01T10:00:00+10:00",
          Symbol(impl): FileImpl {
            "_buffer": Object {
              "data": Array [],
              "type": "Buffer",
            },
            "lastModified": 12345678912,
            "name": "a.txt",
            "type": "",
            Symbol(wrapper): [Circular],
          },
        }
      }
    />
    <div
      className="open-access-checkbox"
      style={
        Object {
          "position": "relative",
          "width": "100%",
        }
      }
    >
      <Checkbox
        checked={true}
        disabled={false}
        label="I understand that the files indicated above as open access will be submitted as open access and will be made publicly available immediately or will be made available on the indicated embargo date.  All other files submitted will be accessible by UQ eSpace administrators."
        onCheck={[Function]}
      />
    </div>
  </div>
</div>
`;

exports[`Component FileUploader should accept terms and condition and reset back to not accepted state if access condition changed back to closed access 4`] = `
<div>
  <h4
    className="sub-title"
  >
    You may add up to 5 files (max 1KB each)
  </h4>
  <FileUploadDropzone
    fileNameRestrictions={/\\^\\(\\?=\\^\\\\S\\*\\$\\)\\(\\?=\\^\\[\\^\\\\\\.\\]\\+\\\\\\.\\[\\^\\\\\\.\\]\\+\\$\\)\\(\\?=\\.\\{1,45\\}\\$\\)\\(\\?!\\(web_\\|preview_\\|thumbnail_\\|stream_\\|fezacml_\\|presmd_\\)\\)\\[a-z\\]\\[a-z\\\\d\\\\-_\\\\\\.\\]\\+/}
    locale={
      Object {
        "accessTermsAndConditions": "I understand that the files indicated above as open access will be submitted as open access and will be made publicly available immediately or will be made available on the indicated embargo date.  All other files submitted will be accessible by UQ eSpace administrators.",
        "errorTitle": "Upload Errors",
        "fileUploadInstruction": <p>
          Click here to select files, or drag files into this area to upload
        </p>,
        "fileUploadRestrictionHeading": <h3>
          File upload restrictions
        </h3>,
        "fileUploadRestrictions": <div>
          Please ensure your files:
          <ul>
            <li>
              begin with a letter and are less than 45 characters long
            </li>
            <li>
              contain only upper and lowercase alphanumeric characters, and underscores
            </li>
            <li>
              have only a single period which precedes the file extension: “.pdf”
            </li>
            <li>
              are uploaded individually and not inside a folder
            </li>
          </ul>
        </div>,
        "instructions": "You may add up to [fileUploadLimit] files (max [maxFileSize][fileSizeUnit] each)",
        "successMessage": "Successfully added [numberOfFiles] file(s) to upload queue.",
        "successTitle": "Success",
        "validation": Object {
          "fileName": "File(s) ([filenames]) have invalid file name",
          "folder": "Invalid files ([filenames])",
          "maxFileSize": "File(s) ([filenames]) exceed maximum allowed upload file size",
          "maxFiles": "Maximum number of files ([maxNumberOfFiles]) has been exceeded. File(s) ([filenames]) will not be uploaded",
        },
      }
    }
    maxSize={1000}
    onDrop={[Function]}
  />
  <Alert
    allowDismiss={false}
    message="Successfully added 1 file(s) to upload queue."
    showLoader={false}
    title="Success"
    type="done"
  />
  <div
    className="metadata-container"
    style={
      Object {
        "display": "block",
      }
    }
  >
    <FileUploadRowHeader
      onDeleteAll={[Function]}
      requireOpenAccessStatus={true}
    />
    <Connect(FileUploadRow)
      fileSizeUnit="K"
      focusOnIndex={0}
      index={0}
      key="a.txt"
      onAccessConditionChange={[Function]}
      onDelete={[Function]}
      onEmbargoDateChange={[Function]}
      requireOpenAccessStatus={true}
      uploadedFile={
        File {
          "access_condition_id": 8,
          Symbol(impl): FileImpl {
            "_buffer": Object {
              "data": Array [],
              "type": "Buffer",
            },
            "lastModified": 12345678912,
            "name": "a.txt",
            "type": "",
            Symbol(wrapper): [Circular],
          },
        }
      }
    />
  </div>
</div>
`;

exports[`Component FileUploader should render correctly without any setup 1`] = `
<div>
  <h4
    className="sub-title"
  >
    You may add up to 5 files (max 1KB each)
  </h4>
  <FileUploadDropzone
    fileNameRestrictions={/\\^\\(\\?=\\^\\\\S\\*\\$\\)\\(\\?=\\^\\[\\^\\\\\\.\\]\\+\\\\\\.\\[\\^\\\\\\.\\]\\+\\$\\)\\(\\?=\\.\\{1,45\\}\\$\\)\\(\\?!\\(web_\\|preview_\\|thumbnail_\\|stream_\\|fezacml_\\|presmd_\\)\\)\\[a-z\\]\\[a-z\\\\d\\\\-_\\\\\\.\\]\\+/}
    locale={
      Object {
        "accessTermsAndConditions": "I understand that the files indicated above as open access will be submitted as open access and will be made publicly available immediately or will be made available on the indicated embargo date.  All other files submitted will be accessible by UQ eSpace administrators.",
        "errorTitle": "Upload Errors",
        "fileUploadInstruction": <p>
          Click here to select files, or drag files into this area to upload
        </p>,
        "fileUploadRestrictionHeading": <h3>
          File upload restrictions
        </h3>,
        "fileUploadRestrictions": <div>
          Please ensure your files:
          <ul>
            <li>
              begin with a letter and are less than 45 characters long
            </li>
            <li>
              contain only upper and lowercase alphanumeric characters, and underscores
            </li>
            <li>
              have only a single period which precedes the file extension: “.pdf”
            </li>
            <li>
              are uploaded individually and not inside a folder
            </li>
          </ul>
        </div>,
        "instructions": "You may add up to [fileUploadLimit] files (max [maxFileSize][fileSizeUnit] each)",
        "successMessage": "Successfully added [numberOfFiles] file(s) to upload queue.",
        "successTitle": "Success",
        "validation": Object {
          "fileName": "File(s) ([filenames]) have invalid file name",
          "folder": "Invalid files ([filenames])",
          "maxFileSize": "File(s) ([filenames]) exceed maximum allowed upload file size",
          "maxFiles": "Maximum number of files ([maxNumberOfFiles]) has been exceeded. File(s) ([filenames]) will not be uploaded",
        },
      }
    }
    maxSize={1000}
    onDrop={[Function]}
  />
  <div
    className="metadata-container"
    style={
      Object {
        "display": "none",
      }
    }
  />
</div>
`;

exports[`Component FileUploader should render rows for uploaded files 1`] = `
<div>
  <h4
    className="sub-title"
  >
    You may add up to 5 files (max 1KB each)
  </h4>
  <FileUploadDropzone
    fileNameRestrictions={/\\^\\(\\?=\\^\\\\S\\*\\$\\)\\(\\?=\\^\\[\\^\\\\\\.\\]\\+\\\\\\.\\[\\^\\\\\\.\\]\\+\\$\\)\\(\\?=\\.\\{1,45\\}\\$\\)\\(\\?!\\(web_\\|preview_\\|thumbnail_\\|stream_\\|fezacml_\\|presmd_\\)\\)\\[a-z\\]\\[a-z\\\\d\\\\-_\\\\\\.\\]\\+/}
    locale={
      Object {
        "accessTermsAndConditions": "I understand that the files indicated above as open access will be submitted as open access and will be made publicly available immediately or will be made available on the indicated embargo date.  All other files submitted will be accessible by UQ eSpace administrators.",
        "errorTitle": "Upload Errors",
        "fileUploadInstruction": <p>
          Click here to select files, or drag files into this area to upload
        </p>,
        "fileUploadRestrictionHeading": <h3>
          File upload restrictions
        </h3>,
        "fileUploadRestrictions": <div>
          Please ensure your files:
          <ul>
            <li>
              begin with a letter and are less than 45 characters long
            </li>
            <li>
              contain only upper and lowercase alphanumeric characters, and underscores
            </li>
            <li>
              have only a single period which precedes the file extension: “.pdf”
            </li>
            <li>
              are uploaded individually and not inside a folder
            </li>
          </ul>
        </div>,
        "instructions": "You may add up to [fileUploadLimit] files (max [maxFileSize][fileSizeUnit] each)",
        "successMessage": "Successfully added [numberOfFiles] file(s) to upload queue.",
        "successTitle": "Success",
        "validation": Object {
          "fileName": "File(s) ([filenames]) have invalid file name",
          "folder": "Invalid files ([filenames])",
          "maxFileSize": "File(s) ([filenames]) exceed maximum allowed upload file size",
          "maxFiles": "Maximum number of files ([maxNumberOfFiles]) has been exceeded. File(s) ([filenames]) will not be uploaded",
        },
      }
    }
    maxSize={1000}
    onDrop={[Function]}
  />
  <div
    className="metadata-container"
    style={
      Object {
        "display": "none",
      }
    }
  />
</div>
`;

exports[`Component FileUploader should render rows for uploaded files 2`] = `
<div>
  <h4
    className="sub-title"
  >
    You may add up to 5 files (max 1KB each)
  </h4>
  <FileUploadDropzone
    fileNameRestrictions={/\\^\\(\\?=\\^\\\\S\\*\\$\\)\\(\\?=\\^\\[\\^\\\\\\.\\]\\+\\\\\\.\\[\\^\\\\\\.\\]\\+\\$\\)\\(\\?=\\.\\{1,45\\}\\$\\)\\(\\?!\\(web_\\|preview_\\|thumbnail_\\|stream_\\|fezacml_\\|presmd_\\)\\)\\[a-z\\]\\[a-z\\\\d\\\\-_\\\\\\.\\]\\+/}
    locale={
      Object {
        "accessTermsAndConditions": "I understand that the files indicated above as open access will be submitted as open access and will be made publicly available immediately or will be made available on the indicated embargo date.  All other files submitted will be accessible by UQ eSpace administrators.",
        "errorTitle": "Upload Errors",
        "fileUploadInstruction": <p>
          Click here to select files, or drag files into this area to upload
        </p>,
        "fileUploadRestrictionHeading": <h3>
          File upload restrictions
        </h3>,
        "fileUploadRestrictions": <div>
          Please ensure your files:
          <ul>
            <li>
              begin with a letter and are less than 45 characters long
            </li>
            <li>
              contain only upper and lowercase alphanumeric characters, and underscores
            </li>
            <li>
              have only a single period which precedes the file extension: “.pdf”
            </li>
            <li>
              are uploaded individually and not inside a folder
            </li>
          </ul>
        </div>,
        "instructions": "You may add up to [fileUploadLimit] files (max [maxFileSize][fileSizeUnit] each)",
        "successMessage": "Successfully added [numberOfFiles] file(s) to upload queue.",
        "successTitle": "Success",
        "validation": Object {
          "fileName": "File(s) ([filenames]) have invalid file name",
          "folder": "Invalid files ([filenames])",
          "maxFileSize": "File(s) ([filenames]) exceed maximum allowed upload file size",
          "maxFiles": "Maximum number of files ([maxNumberOfFiles]) has been exceeded. File(s) ([filenames]) will not be uploaded",
        },
      }
    }
    maxSize={1000}
    onDrop={[Function]}
  />
  <Alert
    allowDismiss={false}
    message="Successfully added 2 file(s) to upload queue."
    showLoader={false}
    title="Success"
    type="done"
  />
  <div
    className="metadata-container"
    style={
      Object {
        "display": "block",
      }
    }
  >
    <FileUploadRowHeader
      onDeleteAll={[Function]}
      requireOpenAccessStatus={false}
    />
    <Connect(FileUploadRow)
      fileSizeUnit="K"
      focusOnIndex={0}
      index={0}
      key="a.txt"
      onAccessConditionChange={[Function]}
      onDelete={[Function]}
      onEmbargoDateChange={[Function]}
      requireOpenAccessStatus={false}
      uploadedFile={
        File {
          Symbol(impl): FileImpl {
            "_buffer": Object {
              "data": Array [],
              "type": "Buffer",
            },
            "lastModified": 12345678912,
            "name": "a.txt",
            "type": "",
            Symbol(wrapper): [Circular],
          },
        }
      }
    />
    <Connect(FileUploadRow)
      fileSizeUnit="K"
      focusOnIndex={0}
      index={1}
      key="b.txt"
      onAccessConditionChange={[Function]}
      onDelete={[Function]}
      onEmbargoDateChange={[Function]}
      requireOpenAccessStatus={false}
      uploadedFile={
        File {
          Symbol(impl): FileImpl {
            "_buffer": Object {
              "data": Array [],
              "type": "Buffer",
            },
            "lastModified": 12345678912,
            "name": "b.txt",
            "type": "",
            Symbol(wrapper): [Circular],
          },
        }
      }
    />
  </div>
</div>
`;

exports[`Component FileUploader should render rows for uploaded files 3`] = `
<div>
  <h4
    className="sub-title"
  >
    You may add up to 5 files (max 1KB each)
  </h4>
  <FileUploadDropzone
    fileNameRestrictions={/\\^\\(\\?=\\^\\\\S\\*\\$\\)\\(\\?=\\^\\[\\^\\\\\\.\\]\\+\\\\\\.\\[\\^\\\\\\.\\]\\+\\$\\)\\(\\?=\\.\\{1,45\\}\\$\\)\\(\\?!\\(web_\\|preview_\\|thumbnail_\\|stream_\\|fezacml_\\|presmd_\\)\\)\\[a-z\\]\\[a-z\\\\d\\\\-_\\\\\\.\\]\\+/}
    locale={
      Object {
        "accessTermsAndConditions": "I understand that the files indicated above as open access will be submitted as open access and will be made publicly available immediately or will be made available on the indicated embargo date.  All other files submitted will be accessible by UQ eSpace administrators.",
        "errorTitle": "Upload Errors",
        "fileUploadInstruction": <p>
          Click here to select files, or drag files into this area to upload
        </p>,
        "fileUploadRestrictionHeading": <h3>
          File upload restrictions
        </h3>,
        "fileUploadRestrictions": <div>
          Please ensure your files:
          <ul>
            <li>
              begin with a letter and are less than 45 characters long
            </li>
            <li>
              contain only upper and lowercase alphanumeric characters, and underscores
            </li>
            <li>
              have only a single period which precedes the file extension: “.pdf”
            </li>
            <li>
              are uploaded individually and not inside a folder
            </li>
          </ul>
        </div>,
        "instructions": "You may add up to [fileUploadLimit] files (max [maxFileSize][fileSizeUnit] each)",
        "successMessage": "Successfully added [numberOfFiles] file(s) to upload queue.",
        "successTitle": "Success",
        "validation": Object {
          "fileName": "File(s) ([filenames]) have invalid file name",
          "folder": "Invalid files ([filenames])",
          "maxFileSize": "File(s) ([filenames]) exceed maximum allowed upload file size",
          "maxFiles": "Maximum number of files ([maxNumberOfFiles]) has been exceeded. File(s) ([filenames]) will not be uploaded",
        },
      }
    }
    maxSize={1000}
    onDrop={[Function]}
  />
  <Alert
    allowDismiss={false}
    message="Successfully added 1 file(s) to upload queue."
    showLoader={false}
    title="Success"
    type="done"
  />
  <div
    className="metadata-container"
    style={
      Object {
        "display": "block",
      }
    }
  >
    <FileUploadRowHeader
      onDeleteAll={[Function]}
      requireOpenAccessStatus={false}
    />
    <Connect(FileUploadRow)
      fileSizeUnit="K"
      focusOnIndex={0}
      index={0}
      key="b.txt"
      onAccessConditionChange={[Function]}
      onDelete={[Function]}
      onEmbargoDateChange={[Function]}
      requireOpenAccessStatus={false}
      uploadedFile={
        File {
          Symbol(impl): FileImpl {
            "_buffer": Object {
              "data": Array [],
              "type": "Buffer",
            },
            "lastModified": 12345678912,
            "name": "b.txt",
            "type": "",
            Symbol(wrapper): [Circular],
          },
        }
      }
    />
  </div>
</div>
`;

exports[`Component FileUploader should render rows for uploaded files 4`] = `
<div>
  <h4
    className="sub-title"
  >
    You may add up to 5 files (max 1KB each)
  </h4>
  <FileUploadDropzone
    fileNameRestrictions={/\\^\\(\\?=\\^\\\\S\\*\\$\\)\\(\\?=\\^\\[\\^\\\\\\.\\]\\+\\\\\\.\\[\\^\\\\\\.\\]\\+\\$\\)\\(\\?=\\.\\{1,45\\}\\$\\)\\(\\?!\\(web_\\|preview_\\|thumbnail_\\|stream_\\|fezacml_\\|presmd_\\)\\)\\[a-z\\]\\[a-z\\\\d\\\\-_\\\\\\.\\]\\+/}
    locale={
      Object {
        "accessTermsAndConditions": "I understand that the files indicated above as open access will be submitted as open access and will be made publicly available immediately or will be made available on the indicated embargo date.  All other files submitted will be accessible by UQ eSpace administrators.",
        "errorTitle": "Upload Errors",
        "fileUploadInstruction": <p>
          Click here to select files, or drag files into this area to upload
        </p>,
        "fileUploadRestrictionHeading": <h3>
          File upload restrictions
        </h3>,
        "fileUploadRestrictions": <div>
          Please ensure your files:
          <ul>
            <li>
              begin with a letter and are less than 45 characters long
            </li>
            <li>
              contain only upper and lowercase alphanumeric characters, and underscores
            </li>
            <li>
              have only a single period which precedes the file extension: “.pdf”
            </li>
            <li>
              are uploaded individually and not inside a folder
            </li>
          </ul>
        </div>,
        "instructions": "You may add up to [fileUploadLimit] files (max [maxFileSize][fileSizeUnit] each)",
        "successMessage": "Successfully added [numberOfFiles] file(s) to upload queue.",
        "successTitle": "Success",
        "validation": Object {
          "fileName": "File(s) ([filenames]) have invalid file name",
          "folder": "Invalid files ([filenames])",
          "maxFileSize": "File(s) ([filenames]) exceed maximum allowed upload file size",
          "maxFiles": "Maximum number of files ([maxNumberOfFiles]) has been exceeded. File(s) ([filenames]) will not be uploaded",
        },
      }
    }
    maxSize={1000}
    onDrop={[Function]}
  />
  <div
    className="metadata-container"
    style={
      Object {
        "display": "none",
      }
    }
  />
</div>
`;

exports[`Component FileUploader should render rows for uploaded files with access condition dropdown based on quick template Id and require open access 1`] = `
<div>
  <h4
    className="sub-title"
  >
    You may add up to 5 files (max 1KB each)
  </h4>
  <FileUploadDropzone
    fileNameRestrictions={/\\^\\(\\?=\\^\\\\S\\*\\$\\)\\(\\?=\\^\\[\\^\\\\\\.\\]\\+\\\\\\.\\[\\^\\\\\\.\\]\\+\\$\\)\\(\\?=\\.\\{1,45\\}\\$\\)\\(\\?!\\(web_\\|preview_\\|thumbnail_\\|stream_\\|fezacml_\\|presmd_\\)\\)\\[a-z\\]\\[a-z\\\\d\\\\-_\\\\\\.\\]\\+/}
    locale={
      Object {
        "accessTermsAndConditions": "I understand that the files indicated above as open access will be submitted as open access and will be made publicly available immediately or will be made available on the indicated embargo date.  All other files submitted will be accessible by UQ eSpace administrators.",
        "errorTitle": "Upload Errors",
        "fileUploadInstruction": <p>
          Click here to select files, or drag files into this area to upload
        </p>,
        "fileUploadRestrictionHeading": <h3>
          File upload restrictions
        </h3>,
        "fileUploadRestrictions": <div>
          Please ensure your files:
          <ul>
            <li>
              begin with a letter and are less than 45 characters long
            </li>
            <li>
              contain only upper and lowercase alphanumeric characters, and underscores
            </li>
            <li>
              have only a single period which precedes the file extension: “.pdf”
            </li>
            <li>
              are uploaded individually and not inside a folder
            </li>
          </ul>
        </div>,
        "instructions": "You may add up to [fileUploadLimit] files (max [maxFileSize][fileSizeUnit] each)",
        "successMessage": "Successfully added [numberOfFiles] file(s) to upload queue.",
        "successTitle": "Success",
        "validation": Object {
          "fileName": "File(s) ([filenames]) have invalid file name",
          "folder": "Invalid files ([filenames])",
          "maxFileSize": "File(s) ([filenames]) exceed maximum allowed upload file size",
          "maxFiles": "Maximum number of files ([maxNumberOfFiles]) has been exceeded. File(s) ([filenames]) will not be uploaded",
        },
      }
    }
    maxSize={1000}
    onDrop={[Function]}
  />
  <div
    className="metadata-container"
    style={
      Object {
        "display": "none",
      }
    }
  />
</div>
`;

exports[`Component FileUploader should render rows for uploaded files with access condition dropdown based on quick template Id and require open access 2`] = `
<div>
  <h4
    className="sub-title"
  >
    You may add up to 5 files (max 1KB each)
  </h4>
  <FileUploadDropzone
    fileNameRestrictions={/\\^\\(\\?=\\^\\\\S\\*\\$\\)\\(\\?=\\^\\[\\^\\\\\\.\\]\\+\\\\\\.\\[\\^\\\\\\.\\]\\+\\$\\)\\(\\?=\\.\\{1,45\\}\\$\\)\\(\\?!\\(web_\\|preview_\\|thumbnail_\\|stream_\\|fezacml_\\|presmd_\\)\\)\\[a-z\\]\\[a-z\\\\d\\\\-_\\\\\\.\\]\\+/}
    locale={
      Object {
        "accessTermsAndConditions": "I understand that the files indicated above as open access will be submitted as open access and will be made publicly available immediately or will be made available on the indicated embargo date.  All other files submitted will be accessible by UQ eSpace administrators.",
        "errorTitle": "Upload Errors",
        "fileUploadInstruction": <p>
          Click here to select files, or drag files into this area to upload
        </p>,
        "fileUploadRestrictionHeading": <h3>
          File upload restrictions
        </h3>,
        "fileUploadRestrictions": <div>
          Please ensure your files:
          <ul>
            <li>
              begin with a letter and are less than 45 characters long
            </li>
            <li>
              contain only upper and lowercase alphanumeric characters, and underscores
            </li>
            <li>
              have only a single period which precedes the file extension: “.pdf”
            </li>
            <li>
              are uploaded individually and not inside a folder
            </li>
          </ul>
        </div>,
        "instructions": "You may add up to [fileUploadLimit] files (max [maxFileSize][fileSizeUnit] each)",
        "successMessage": "Successfully added [numberOfFiles] file(s) to upload queue.",
        "successTitle": "Success",
        "validation": Object {
          "fileName": "File(s) ([filenames]) have invalid file name",
          "folder": "Invalid files ([filenames])",
          "maxFileSize": "File(s) ([filenames]) exceed maximum allowed upload file size",
          "maxFiles": "Maximum number of files ([maxNumberOfFiles]) has been exceeded. File(s) ([filenames]) will not be uploaded",
        },
      }
    }
    maxSize={1000}
    onDrop={[Function]}
  />
  <Alert
    allowDismiss={false}
    message="Successfully added 2 file(s) to upload queue."
    showLoader={false}
    title="Success"
    type="done"
  />
  <div
    className="metadata-container"
    style={
      Object {
        "display": "block",
      }
    }
  >
    <FileUploadRowHeader
      onDeleteAll={[Function]}
      requireOpenAccessStatus={false}
    />
    <Connect(FileUploadRow)
      defaultAccessCondition={3}
      fileSizeUnit="K"
      focusOnIndex={0}
      index={0}
      key="a.txt"
      onAccessConditionChange={[Function]}
      onDelete={[Function]}
      onEmbargoDateChange={[Function]}
      requireOpenAccessStatus={false}
      uploadedFile={
        File {
          Symbol(impl): FileImpl {
            "_buffer": Object {
              "data": Array [],
              "type": "Buffer",
            },
            "lastModified": 12345678912,
            "name": "a.txt",
            "type": "",
            Symbol(wrapper): [Circular],
          },
        }
      }
    />
    <Connect(FileUploadRow)
      defaultAccessCondition={3}
      fileSizeUnit="K"
      focusOnIndex={0}
      index={1}
      key="b.txt"
      onAccessConditionChange={[Function]}
      onDelete={[Function]}
      onEmbargoDateChange={[Function]}
      requireOpenAccessStatus={false}
      uploadedFile={
        File {
          Symbol(impl): FileImpl {
            "_buffer": Object {
              "data": Array [],
              "type": "Buffer",
            },
            "lastModified": 12345678912,
            "name": "b.txt",
            "type": "",
            Symbol(wrapper): [Circular],
          },
        }
      }
    />
  </div>
</div>
`;

exports[`Component FileUploader should render rows for uploaded files with access required 1`] = `
<div>
  <h4
    className="sub-title"
  >
    You may add up to 5 files (max 1KB each)
  </h4>
  <FileUploadDropzone
    fileNameRestrictions={/\\^\\(\\?=\\^\\\\S\\*\\$\\)\\(\\?=\\^\\[\\^\\\\\\.\\]\\+\\\\\\.\\[\\^\\\\\\.\\]\\+\\$\\)\\(\\?=\\.\\{1,45\\}\\$\\)\\(\\?!\\(web_\\|preview_\\|thumbnail_\\|stream_\\|fezacml_\\|presmd_\\)\\)\\[a-z\\]\\[a-z\\\\d\\\\-_\\\\\\.\\]\\+/}
    locale={
      Object {
        "accessTermsAndConditions": "I understand that the files indicated above as open access will be submitted as open access and will be made publicly available immediately or will be made available on the indicated embargo date.  All other files submitted will be accessible by UQ eSpace administrators.",
        "errorTitle": "Upload Errors",
        "fileUploadInstruction": <p>
          Click here to select files, or drag files into this area to upload
        </p>,
        "fileUploadRestrictionHeading": <h3>
          File upload restrictions
        </h3>,
        "fileUploadRestrictions": <div>
          Please ensure your files:
          <ul>
            <li>
              begin with a letter and are less than 45 characters long
            </li>
            <li>
              contain only upper and lowercase alphanumeric characters, and underscores
            </li>
            <li>
              have only a single period which precedes the file extension: “.pdf”
            </li>
            <li>
              are uploaded individually and not inside a folder
            </li>
          </ul>
        </div>,
        "instructions": "You may add up to [fileUploadLimit] files (max [maxFileSize][fileSizeUnit] each)",
        "successMessage": "Successfully added [numberOfFiles] file(s) to upload queue.",
        "successTitle": "Success",
        "validation": Object {
          "fileName": "File(s) ([filenames]) have invalid file name",
          "folder": "Invalid files ([filenames])",
          "maxFileSize": "File(s) ([filenames]) exceed maximum allowed upload file size",
          "maxFiles": "Maximum number of files ([maxNumberOfFiles]) has been exceeded. File(s) ([filenames]) will not be uploaded",
        },
      }
    }
    maxSize={1000}
    onDrop={[Function]}
  />
  <div
    className="metadata-container"
    style={
      Object {
        "display": "none",
      }
    }
  />
</div>
`;

exports[`Component FileUploader should render rows for uploaded files with access required 2`] = `
<div>
  <h4
    className="sub-title"
  >
    You may add up to 5 files (max 1KB each)
  </h4>
  <FileUploadDropzone
    fileNameRestrictions={/\\^\\(\\?=\\^\\\\S\\*\\$\\)\\(\\?=\\^\\[\\^\\\\\\.\\]\\+\\\\\\.\\[\\^\\\\\\.\\]\\+\\$\\)\\(\\?=\\.\\{1,45\\}\\$\\)\\(\\?!\\(web_\\|preview_\\|thumbnail_\\|stream_\\|fezacml_\\|presmd_\\)\\)\\[a-z\\]\\[a-z\\\\d\\\\-_\\\\\\.\\]\\+/}
    locale={
      Object {
        "accessTermsAndConditions": "I understand that the files indicated above as open access will be submitted as open access and will be made publicly available immediately or will be made available on the indicated embargo date.  All other files submitted will be accessible by UQ eSpace administrators.",
        "errorTitle": "Upload Errors",
        "fileUploadInstruction": <p>
          Click here to select files, or drag files into this area to upload
        </p>,
        "fileUploadRestrictionHeading": <h3>
          File upload restrictions
        </h3>,
        "fileUploadRestrictions": <div>
          Please ensure your files:
          <ul>
            <li>
              begin with a letter and are less than 45 characters long
            </li>
            <li>
              contain only upper and lowercase alphanumeric characters, and underscores
            </li>
            <li>
              have only a single period which precedes the file extension: “.pdf”
            </li>
            <li>
              are uploaded individually and not inside a folder
            </li>
          </ul>
        </div>,
        "instructions": "You may add up to [fileUploadLimit] files (max [maxFileSize][fileSizeUnit] each)",
        "successMessage": "Successfully added [numberOfFiles] file(s) to upload queue.",
        "successTitle": "Success",
        "validation": Object {
          "fileName": "File(s) ([filenames]) have invalid file name",
          "folder": "Invalid files ([filenames])",
          "maxFileSize": "File(s) ([filenames]) exceed maximum allowed upload file size",
          "maxFiles": "Maximum number of files ([maxNumberOfFiles]) has been exceeded. File(s) ([filenames]) will not be uploaded",
        },
      }
    }
    maxSize={1000}
    onDrop={[Function]}
  />
  <Alert
    allowDismiss={false}
    message="Successfully added 2 file(s) to upload queue."
    showLoader={false}
    title="Success"
    type="done"
  />
  <div
    className="metadata-container"
    style={
      Object {
        "display": "block",
      }
    }
  >
    <FileUploadRowHeader
      onDeleteAll={[Function]}
      requireOpenAccessStatus={true}
    />
    <Connect(FileUploadRow)
      fileSizeUnit="K"
      focusOnIndex={0}
      index={0}
      key="a.txt"
      onAccessConditionChange={[Function]}
      onDelete={[Function]}
      onEmbargoDateChange={[Function]}
      requireOpenAccessStatus={true}
      uploadedFile={
        File {
          Symbol(impl): FileImpl {
            "_buffer": Object {
              "data": Array [],
              "type": "Buffer",
            },
            "lastModified": 12345678912,
            "name": "a.txt",
            "type": "",
            Symbol(wrapper): [Circular],
          },
        }
      }
    />
    <Connect(FileUploadRow)
      fileSizeUnit="K"
      focusOnIndex={0}
      index={1}
      key="b.txt"
      onAccessConditionChange={[Function]}
      onDelete={[Function]}
      onEmbargoDateChange={[Function]}
      requireOpenAccessStatus={true}
      uploadedFile={
        File {
          Symbol(impl): FileImpl {
            "_buffer": Object {
              "data": Array [],
              "type": "Buffer",
            },
            "lastModified": 12345678912,
            "name": "b.txt",
            "type": "",
            Symbol(wrapper): [Circular],
          },
        }
      }
    />
  </div>
</div>
`;

exports[`Component FileUploader should render rows for uploaded files with access required 3`] = `
<div>
  <h4
    className="sub-title"
  >
    You may add up to 5 files (max 1KB each)
  </h4>
  <FileUploadDropzone
    fileNameRestrictions={/\\^\\(\\?=\\^\\\\S\\*\\$\\)\\(\\?=\\^\\[\\^\\\\\\.\\]\\+\\\\\\.\\[\\^\\\\\\.\\]\\+\\$\\)\\(\\?=\\.\\{1,45\\}\\$\\)\\(\\?!\\(web_\\|preview_\\|thumbnail_\\|stream_\\|fezacml_\\|presmd_\\)\\)\\[a-z\\]\\[a-z\\\\d\\\\-_\\\\\\.\\]\\+/}
    locale={
      Object {
        "accessTermsAndConditions": "I understand that the files indicated above as open access will be submitted as open access and will be made publicly available immediately or will be made available on the indicated embargo date.  All other files submitted will be accessible by UQ eSpace administrators.",
        "errorTitle": "Upload Errors",
        "fileUploadInstruction": <p>
          Click here to select files, or drag files into this area to upload
        </p>,
        "fileUploadRestrictionHeading": <h3>
          File upload restrictions
        </h3>,
        "fileUploadRestrictions": <div>
          Please ensure your files:
          <ul>
            <li>
              begin with a letter and are less than 45 characters long
            </li>
            <li>
              contain only upper and lowercase alphanumeric characters, and underscores
            </li>
            <li>
              have only a single period which precedes the file extension: “.pdf”
            </li>
            <li>
              are uploaded individually and not inside a folder
            </li>
          </ul>
        </div>,
        "instructions": "You may add up to [fileUploadLimit] files (max [maxFileSize][fileSizeUnit] each)",
        "successMessage": "Successfully added [numberOfFiles] file(s) to upload queue.",
        "successTitle": "Success",
        "validation": Object {
          "fileName": "File(s) ([filenames]) have invalid file name",
          "folder": "Invalid files ([filenames])",
          "maxFileSize": "File(s) ([filenames]) exceed maximum allowed upload file size",
          "maxFiles": "Maximum number of files ([maxNumberOfFiles]) has been exceeded. File(s) ([filenames]) will not be uploaded",
        },
      }
    }
    maxSize={1000}
    onDrop={[Function]}
  />
  <Alert
    allowDismiss={false}
    message="Successfully added 2 file(s) to upload queue."
    showLoader={false}
    title="Success"
    type="done"
  />
  <div
    className="metadata-container"
    style={
      Object {
        "display": "block",
      }
    }
  >
    <FileUploadRowHeader
      onDeleteAll={[Function]}
      requireOpenAccessStatus={true}
    />
    <Connect(FileUploadRow)
      fileSizeUnit="K"
      focusOnIndex={0}
      index={0}
      key="a.txt"
      onAccessConditionChange={[Function]}
      onDelete={[Function]}
      onEmbargoDateChange={[Function]}
      requireOpenAccessStatus={true}
      uploadedFile={
        File {
          "access_condition_id": 8,
          Symbol(impl): FileImpl {
            "_buffer": Object {
              "data": Array [],
              "type": "Buffer",
            },
            "lastModified": 12345678912,
            "name": "a.txt",
            "type": "",
            Symbol(wrapper): [Circular],
          },
        }
      }
    />
    <Connect(FileUploadRow)
      fileSizeUnit="K"
      focusOnIndex={0}
      index={1}
      key="b.txt"
      onAccessConditionChange={[Function]}
      onDelete={[Function]}
      onEmbargoDateChange={[Function]}
      requireOpenAccessStatus={true}
      uploadedFile={
        File {
          Symbol(impl): FileImpl {
            "_buffer": Object {
              "data": Array [],
              "type": "Buffer",
            },
            "lastModified": 12345678912,
            "name": "b.txt",
            "type": "",
            Symbol(wrapper): [Circular],
          },
        }
      }
    />
  </div>
</div>
`;

exports[`Component FileUploader should render rows for uploaded files with access required 4`] = `
<div>
  <h4
    className="sub-title"
  >
    You may add up to 5 files (max 1KB each)
  </h4>
  <FileUploadDropzone
    fileNameRestrictions={/\\^\\(\\?=\\^\\\\S\\*\\$\\)\\(\\?=\\^\\[\\^\\\\\\.\\]\\+\\\\\\.\\[\\^\\\\\\.\\]\\+\\$\\)\\(\\?=\\.\\{1,45\\}\\$\\)\\(\\?!\\(web_\\|preview_\\|thumbnail_\\|stream_\\|fezacml_\\|presmd_\\)\\)\\[a-z\\]\\[a-z\\\\d\\\\-_\\\\\\.\\]\\+/}
    locale={
      Object {
        "accessTermsAndConditions": "I understand that the files indicated above as open access will be submitted as open access and will be made publicly available immediately or will be made available on the indicated embargo date.  All other files submitted will be accessible by UQ eSpace administrators.",
        "errorTitle": "Upload Errors",
        "fileUploadInstruction": <p>
          Click here to select files, or drag files into this area to upload
        </p>,
        "fileUploadRestrictionHeading": <h3>
          File upload restrictions
        </h3>,
        "fileUploadRestrictions": <div>
          Please ensure your files:
          <ul>
            <li>
              begin with a letter and are less than 45 characters long
            </li>
            <li>
              contain only upper and lowercase alphanumeric characters, and underscores
            </li>
            <li>
              have only a single period which precedes the file extension: “.pdf”
            </li>
            <li>
              are uploaded individually and not inside a folder
            </li>
          </ul>
        </div>,
        "instructions": "You may add up to [fileUploadLimit] files (max [maxFileSize][fileSizeUnit] each)",
        "successMessage": "Successfully added [numberOfFiles] file(s) to upload queue.",
        "successTitle": "Success",
        "validation": Object {
          "fileName": "File(s) ([filenames]) have invalid file name",
          "folder": "Invalid files ([filenames])",
          "maxFileSize": "File(s) ([filenames]) exceed maximum allowed upload file size",
          "maxFiles": "Maximum number of files ([maxNumberOfFiles]) has been exceeded. File(s) ([filenames]) will not be uploaded",
        },
      }
    }
    maxSize={1000}
    onDrop={[Function]}
  />
  <Alert
    allowDismiss={false}
    message="Successfully added 2 file(s) to upload queue."
    showLoader={false}
    title="Success"
    type="done"
  />
  <div
    className="metadata-container"
    style={
      Object {
        "display": "block",
      }
    }
  >
    <FileUploadRowHeader
      onDeleteAll={[Function]}
      requireOpenAccessStatus={true}
    />
    <Connect(FileUploadRow)
      fileSizeUnit="K"
      focusOnIndex={0}
      index={0}
      key="a.txt"
      onAccessConditionChange={[Function]}
      onDelete={[Function]}
      onEmbargoDateChange={[Function]}
      requireOpenAccessStatus={true}
      uploadedFile={
        File {
          "access_condition_id": 9,
          "date": "2016-01-01T10:00:00+10:00",
          Symbol(impl): FileImpl {
            "_buffer": Object {
              "data": Array [],
              "type": "Buffer",
            },
            "lastModified": 12345678912,
            "name": "a.txt",
            "type": "",
            Symbol(wrapper): [Circular],
          },
        }
      }
    />
    <Connect(FileUploadRow)
      fileSizeUnit="K"
      focusOnIndex={0}
      index={1}
      key="b.txt"
      onAccessConditionChange={[Function]}
      onDelete={[Function]}
      onEmbargoDateChange={[Function]}
      requireOpenAccessStatus={true}
      uploadedFile={
        File {
          Symbol(impl): FileImpl {
            "_buffer": Object {
              "data": Array [],
              "type": "Buffer",
            },
            "lastModified": 12345678912,
            "name": "b.txt",
            "type": "",
            Symbol(wrapper): [Circular],
          },
        }
      }
    />
    <div
      className="open-access-checkbox error-checkbox"
      style={
        Object {
          "position": "relative",
          "width": "100%",
        }
      }
    >
      <Checkbox
        checked={false}
        disabled={false}
        label="I understand that the files indicated above as open access will be submitted as open access and will be made publicly available immediately or will be made available on the indicated embargo date.  All other files submitted will be accessible by UQ eSpace administrators."
        onCheck={[Function]}
      />
    </div>
  </div>
</div>
`;

exports[`Component FileUploader should render rows for uploaded files with access required 5`] = `
<div>
  <h4
    className="sub-title"
  >
    You may add up to 5 files (max 1KB each)
  </h4>
  <FileUploadDropzone
    fileNameRestrictions={/\\^\\(\\?=\\^\\\\S\\*\\$\\)\\(\\?=\\^\\[\\^\\\\\\.\\]\\+\\\\\\.\\[\\^\\\\\\.\\]\\+\\$\\)\\(\\?=\\.\\{1,45\\}\\$\\)\\(\\?!\\(web_\\|preview_\\|thumbnail_\\|stream_\\|fezacml_\\|presmd_\\)\\)\\[a-z\\]\\[a-z\\\\d\\\\-_\\\\\\.\\]\\+/}
    locale={
      Object {
        "accessTermsAndConditions": "I understand that the files indicated above as open access will be submitted as open access and will be made publicly available immediately or will be made available on the indicated embargo date.  All other files submitted will be accessible by UQ eSpace administrators.",
        "errorTitle": "Upload Errors",
        "fileUploadInstruction": <p>
          Click here to select files, or drag files into this area to upload
        </p>,
        "fileUploadRestrictionHeading": <h3>
          File upload restrictions
        </h3>,
        "fileUploadRestrictions": <div>
          Please ensure your files:
          <ul>
            <li>
              begin with a letter and are less than 45 characters long
            </li>
            <li>
              contain only upper and lowercase alphanumeric characters, and underscores
            </li>
            <li>
              have only a single period which precedes the file extension: “.pdf”
            </li>
            <li>
              are uploaded individually and not inside a folder
            </li>
          </ul>
        </div>,
        "instructions": "You may add up to [fileUploadLimit] files (max [maxFileSize][fileSizeUnit] each)",
        "successMessage": "Successfully added [numberOfFiles] file(s) to upload queue.",
        "successTitle": "Success",
        "validation": Object {
          "fileName": "File(s) ([filenames]) have invalid file name",
          "folder": "Invalid files ([filenames])",
          "maxFileSize": "File(s) ([filenames]) exceed maximum allowed upload file size",
          "maxFiles": "Maximum number of files ([maxNumberOfFiles]) has been exceeded. File(s) ([filenames]) will not be uploaded",
        },
      }
    }
    maxSize={1000}
    onDrop={[Function]}
  />
  <Alert
    allowDismiss={false}
    message="Successfully added 2 file(s) to upload queue."
    showLoader={false}
    title="Success"
    type="done"
  />
  <div
    className="metadata-container"
    style={
      Object {
        "display": "block",
      }
    }
  >
    <FileUploadRowHeader
      onDeleteAll={[Function]}
      requireOpenAccessStatus={true}
    />
    <Connect(FileUploadRow)
      fileSizeUnit="K"
      focusOnIndex={0}
      index={0}
      key="a.txt"
      onAccessConditionChange={[Function]}
      onDelete={[Function]}
      onEmbargoDateChange={[Function]}
      requireOpenAccessStatus={true}
      uploadedFile={
        File {
          "access_condition_id": 9,
          "date": "10/10/2017",
          Symbol(impl): FileImpl {
            "_buffer": Object {
              "data": Array [],
              "type": "Buffer",
            },
            "lastModified": 12345678912,
            "name": "a.txt",
            "type": "",
            Symbol(wrapper): [Circular],
          },
        }
      }
    />
    <Connect(FileUploadRow)
      fileSizeUnit="K"
      focusOnIndex={0}
      index={1}
      key="b.txt"
      onAccessConditionChange={[Function]}
      onDelete={[Function]}
      onEmbargoDateChange={[Function]}
      requireOpenAccessStatus={true}
      uploadedFile={
        File {
          Symbol(impl): FileImpl {
            "_buffer": Object {
              "data": Array [],
              "type": "Buffer",
            },
            "lastModified": 12345678912,
            "name": "b.txt",
            "type": "",
            Symbol(wrapper): [Circular],
          },
        }
      }
    />
    <div
      className="open-access-checkbox error-checkbox"
      style={
        Object {
          "position": "relative",
          "width": "100%",
        }
      }
    >
      <Checkbox
        checked={false}
        disabled={false}
        label="I understand that the files indicated above as open access will be submitted as open access and will be made publicly available immediately or will be made available on the indicated embargo date.  All other files submitted will be accessible by UQ eSpace administrators."
        onCheck={[Function]}
      />
    </div>
  </div>
</div>
`;

exports[`Component FileUploader should render rows for uploaded files with default access condition based on quick template Id 1`] = `
<div>
  <h4
    className="sub-title"
  >
    You may add up to 5 files (max 1KB each)
  </h4>
  <FileUploadDropzone
    fileNameRestrictions={/\\^\\(\\?=\\^\\\\S\\*\\$\\)\\(\\?=\\^\\[\\^\\\\\\.\\]\\+\\\\\\.\\[\\^\\\\\\.\\]\\+\\$\\)\\(\\?=\\.\\{1,45\\}\\$\\)\\(\\?!\\(web_\\|preview_\\|thumbnail_\\|stream_\\|fezacml_\\|presmd_\\)\\)\\[a-z\\]\\[a-z\\\\d\\\\-_\\\\\\.\\]\\+/}
    locale={
      Object {
        "accessTermsAndConditions": "I understand that the files indicated above as open access will be submitted as open access and will be made publicly available immediately or will be made available on the indicated embargo date.  All other files submitted will be accessible by UQ eSpace administrators.",
        "errorTitle": "Upload Errors",
        "fileUploadInstruction": <p>
          Click here to select files, or drag files into this area to upload
        </p>,
        "fileUploadRestrictionHeading": <h3>
          File upload restrictions
        </h3>,
        "fileUploadRestrictions": <div>
          Please ensure your files:
          <ul>
            <li>
              begin with a letter and are less than 45 characters long
            </li>
            <li>
              contain only upper and lowercase alphanumeric characters, and underscores
            </li>
            <li>
              have only a single period which precedes the file extension: “.pdf”
            </li>
            <li>
              are uploaded individually and not inside a folder
            </li>
          </ul>
        </div>,
        "instructions": "You may add up to [fileUploadLimit] files (max [maxFileSize][fileSizeUnit] each)",
        "successMessage": "Successfully added [numberOfFiles] file(s) to upload queue.",
        "successTitle": "Success",
        "validation": Object {
          "fileName": "File(s) ([filenames]) have invalid file name",
          "folder": "Invalid files ([filenames])",
          "maxFileSize": "File(s) ([filenames]) exceed maximum allowed upload file size",
          "maxFiles": "Maximum number of files ([maxNumberOfFiles]) has been exceeded. File(s) ([filenames]) will not be uploaded",
        },
      }
    }
    maxSize={1000}
    onDrop={[Function]}
  />
  <div
    className="metadata-container"
    style={
      Object {
        "display": "none",
      }
    }
  />
</div>
`;

exports[`Component FileUploader should render rows for uploaded files with default access condition based on quick template Id 2`] = `
<div>
  <h4
    className="sub-title"
  >
    You may add up to 5 files (max 1KB each)
  </h4>
  <FileUploadDropzone
    fileNameRestrictions={/\\^\\(\\?=\\^\\\\S\\*\\$\\)\\(\\?=\\^\\[\\^\\\\\\.\\]\\+\\\\\\.\\[\\^\\\\\\.\\]\\+\\$\\)\\(\\?=\\.\\{1,45\\}\\$\\)\\(\\?!\\(web_\\|preview_\\|thumbnail_\\|stream_\\|fezacml_\\|presmd_\\)\\)\\[a-z\\]\\[a-z\\\\d\\\\-_\\\\\\.\\]\\+/}
    locale={
      Object {
        "accessTermsAndConditions": "I understand that the files indicated above as open access will be submitted as open access and will be made publicly available immediately or will be made available on the indicated embargo date.  All other files submitted will be accessible by UQ eSpace administrators.",
        "errorTitle": "Upload Errors",
        "fileUploadInstruction": <p>
          Click here to select files, or drag files into this area to upload
        </p>,
        "fileUploadRestrictionHeading": <h3>
          File upload restrictions
        </h3>,
        "fileUploadRestrictions": <div>
          Please ensure your files:
          <ul>
            <li>
              begin with a letter and are less than 45 characters long
            </li>
            <li>
              contain only upper and lowercase alphanumeric characters, and underscores
            </li>
            <li>
              have only a single period which precedes the file extension: “.pdf”
            </li>
            <li>
              are uploaded individually and not inside a folder
            </li>
          </ul>
        </div>,
        "instructions": "You may add up to [fileUploadLimit] files (max [maxFileSize][fileSizeUnit] each)",
        "successMessage": "Successfully added [numberOfFiles] file(s) to upload queue.",
        "successTitle": "Success",
        "validation": Object {
          "fileName": "File(s) ([filenames]) have invalid file name",
          "folder": "Invalid files ([filenames])",
          "maxFileSize": "File(s) ([filenames]) exceed maximum allowed upload file size",
          "maxFiles": "Maximum number of files ([maxNumberOfFiles]) has been exceeded. File(s) ([filenames]) will not be uploaded",
        },
      }
    }
    maxSize={1000}
    onDrop={[Function]}
  />
  <Alert
    allowDismiss={false}
    message="Successfully added 2 file(s) to upload queue."
    showLoader={false}
    title="Success"
    type="done"
  />
  <div
    className="metadata-container"
    style={
      Object {
        "display": "block",
      }
    }
  >
    <FileUploadRowHeader
      onDeleteAll={[Function]}
      requireOpenAccessStatus={false}
    />
    <Connect(FileUploadRow)
      defaultAccessCondition={3}
      fileSizeUnit="K"
      focusOnIndex={0}
      index={0}
      key="a.txt"
      onAccessConditionChange={[Function]}
      onDelete={[Function]}
      onEmbargoDateChange={[Function]}
      requireOpenAccessStatus={false}
      uploadedFile={
        File {
          Symbol(impl): FileImpl {
            "_buffer": Object {
              "data": Array [],
              "type": "Buffer",
            },
            "lastModified": 12345678912,
            "name": "a.txt",
            "type": "",
            Symbol(wrapper): [Circular],
          },
        }
      }
    />
    <Connect(FileUploadRow)
      defaultAccessCondition={3}
      fileSizeUnit="K"
      focusOnIndex={0}
      index={1}
      key="b.txt"
      onAccessConditionChange={[Function]}
      onDelete={[Function]}
      onEmbargoDateChange={[Function]}
      requireOpenAccessStatus={false}
      uploadedFile={
        File {
          Symbol(impl): FileImpl {
            "_buffer": Object {
              "data": Array [],
              "type": "Buffer",
            },
            "lastModified": 12345678912,
            "name": "b.txt",
            "type": "",
            Symbol(wrapper): [Circular],
          },
        }
      }
    />
  </div>
</div>
`;
