// Jest Snapshot v1, https://goo.gl/fbAQLP

exports[`Component FileUploadDropzoneStaticContent should render with default setup 1`] = `
<FileUploadDropzoneStaticContent
  txt={
    Object {
      "fileUploadInstruction": "Upload whatever you like :)",
      "fileUploadRestrictionHeading": "Restrictions for file upload",
      "fileUploadRestrictions": "No restrictions applies to Tests!!!",
    }
  }
>
  <div
    className="columns file-instructions"
  >
    <div
      className="column"
    >
      Restrictions for file upload
      No restrictions applies to Tests!!!
    </div>
    <div
      className="column upload-instructions"
    >
      <FontIcon
        className="material-icons"
        onMouseEnter={[Function]}
        onMouseLeave={[Function]}
      >
        <span
          className="material-icons"
          onMouseEnter={[Function]}
          onMouseLeave={[Function]}
          style={
            Object {
              "color": "rgba(0, 0, 0, 0.87)",
              "display": "inline-block",
              "fontSize": 24,
              "muiPrepared": true,
              "position": "relative",
              "transition": "all 450ms cubic-bezier(0.23, 1, 0.32, 1) 0ms",
              "userSelect": "none",
            }
          }
        >
          cloud_upload
        </span>
      </FontIcon>
      Upload whatever you like :)
    </div>
  </div>
</FileUploadDropzoneStaticContent>
`;
