// Jest Snapshot v1, https://goo.gl/fbAQLP

exports[`DatePickerWrapper snapshots tests renders DatePicker component 1`] = `
<div
  style={
    Object {
      "position": "relative",
      "width": "100%",
    }
  }
>
  <DatePicker
    autoOk={false}
    container="dialog"
    disableYearSelection={false}
    disabled={false}
    firstDayOfWeek={1}
    floatingLabelText="This is a test date picker component"
    fullWidth={true}
    hideCalendarDate={false}
    name="test"
    onChange={[Function]}
    style={Object {}}
    type="text"
    value={2017-07-14T00:14:02.314Z}
  />
</div>
`;
