// Jest Snapshot v1, https://goo.gl/fbAQLP

exports[`Add Toggle snapshot tests renders default toggle component 1`] = `
<div
  style={
    Object {
      "position": "relative",
      "width": "100%",
    }
  }
>
  <Toggle
    defaultToggled={false}
    disabled={false}
    label="test"
    labelPosition="left"
  />
  <div
    style={
      Object {
        "position": "absolute",
        "right": 0,
        "top": "20px",
      }
    }
  >
    <Connect(HelpIcon)
      buttonLabel="Ok"
      text="text"
      title="title"
    />
  </div>
</div>
`;
