// Jest Snapshot v1, https://goo.gl/fbAQLP

exports[`Alert snapshots test renders Alert of error type 1`] = `
<div>
  <div
    className="error alertWrapper"
  >
    <div
      className="columns is-gapless is-multiline"
    >
      <div
        className="column is-narrow alertIcon"
      >
        <FontIcon
          className="material-icons"
          onMouseEnter={[Function]}
          onMouseLeave={[Function]}
        >
          error
        </FontIcon>
      </div>
      <div
        className="column alertText"
      >
        <span
          className="alertTitle"
        >
          This is a title
           - 
        </span>
        This is a message
      </div>
    </div>
  </div>
</div>
`;
