// Jest Snapshot v1, https://goo.gl/fbAQLP

exports[`AuthorsPublicationTypesCountChart snapshot tests it should render chart component 1`] = `
<Chart
  chartOptions={
    Object {
      "chart": Object {
        "height": 320,
        "plotBorderWidth": 0,
        "plotShadow": false,
        "spacingBottom": 10,
        "type": "pie",
      },
      "credits": Object {
        "enabled": false,
      },
      "legend": Object {
        "align": "center",
        "floating": true,
        "layout": "vertical",
        "symbolRadius": 0,
        "y": -110,
      },
      "plotOptions": Object {
        "pie": Object {
          "borderColor": "none",
          "center": Array [
            "50%",
            "50%",
          ],
          "dataLabels": Object {
            "allowOverlap": false,
            "className": "pieLabels ",
            "distance": 12,
            "enabled": true,
            "format": "{y}",
            "useHTML": true,
          },
          "innerSize": "65%",
          "shadow": false,
          "showInLegend": true,
          "size": "95%",
          "startAngle": 90,
        },
      },
      "series": Array [],
      "subtitle": Object {
        "text": "",
      },
      "title": Object {
        "text": "",
      },
      "tooltip": Object {
        "enabled": false,
      },
    }
  }
  className="undefined authors-publication-types-count-chart"
/>
`;
