// Jest Snapshot v1, https://goo.gl/fbAQLP

exports[`HelpIcon snapshots tests renders menu 1`] = `
<div
  className="form-help-icon is-narrow is-pulled right inline"
  style={Object {}}
>
  <IconButton
    className="is-pulled-right"
    disableTouchRipple={false}
    disabled={false}
    iconStyle={Object {}}
    onClick={[Function]}
    tooltip="Click for more information"
    tooltipPosition="bottom-left"
    touch={false}
  >
    <FontIcon
      className="material-icons helpIcon"
      color="#CCCCCC"
      onMouseEnter={[Function]}
      onMouseLeave={[Function]}
    >
      help_outline
    </FontIcon>
  </IconButton>
</div>
`;
