// Jest Snapshot v1, https://goo.gl/fbAQLP

exports[`HelpIcon snapshots tests renders menu 1`] = `
<div
  className="form-help-icon inline"
  style={Object {}}
>
  <IconButton
    disableTouchRipple={false}
    disabled={false}
    iconStyle={Object {}}
    onClick={[Function]}
    tooltipPosition="bottom-center"
    touch={false}
  >
    <FontIcon
      className="material-icons"
      color="#CCCCCC"
      onMouseEnter={[Function]}
      onMouseLeave={[Function]}
    >
      help_outline
    </FontIcon>
  </IconButton>
</div>
`;
