// Jest Snapshot v1, https://goo.gl/fbAQLP

exports[`SelectfieldWrapper snapshots tests renders SelectField component 1`] = `
<div
  style={
    Object {
      "position": "relative",
      "width": "100%",
    }
  }
>
  <SelectField
    autoWidth={false}
    disabled={false}
    floatingLabelText="This is a test selectfield component"
    fullWidth={true}
    multiple={false}
    name="selectfield"
    onBlur={[Function]}
    onChange={[Function]}
    type="text"
  />
</div>
`;
