// Jest Snapshot v1, https://goo.gl/fbAQLP

exports[`TextFieldWrapper snapshots tests renders TextField component 1`] = `
<div
  style={
    Object {
      "position": "relative",
      "width": "100%",
    }
  }
>
  <SelectField
    autoWidth={false}
    disabled={false}
    floatingLabelText="This is a test textfield component"
    fullWidth={true}
    multiple={false}
    name="testField"
    type="text"
  />
</div>
`;
