// Jest Snapshot v1, https://goo.gl/fbAQLP

exports[`AuthorRow snapshots test renders an Author Row 1`] = `
<div
  className="Author"
>
  <Divider
    inset={false}
  />
  <div
    className="row"
  >
    <div
      className="flex authorLeftIcon"
    >
      <SocialPerson />
    </div>
    <div
      className="flex-100 authorName"
    >
      Test Author
    </div>
    <div
      className="flex authorRightIcon"
    >
      <RaisedButton
        disabled={false}
        fullWidth={false}
        labelPosition="after"
        onClick={[Function]}
        primary={false}
        secondary={false}
      />
    </div>
  </div>
</div>
`;
